// Jest Snapshot v1, https://goo.gl/fbAQLP

exports[`Home component Should match the snapshot 1`] = `
<div
  class="home-container"
>
  <div>
    <h3
      class="categories-title"
    >
      Restaurants
    </h3>
    <div
      class="categories-container"
    >
      <div
        class="icon-container"
      >
        <p
          class="icon"
        >
          🍽
        </p>
        <h4>
          All
        </h4>
      </div>
      <div
        class="icon-container"
      >
        <p
          class="icon"
        >
          🍕
        </p>
        <h4>
          Pizza
        </h4>
      </div>
      <div
        class="icon-container"
      >
        <p
          class="icon"
        >
          🍝
        </p>
        <h4>
          Pasta
        </h4>
      </div>
      <div
        class="icon-container"
      >
        <p
          class="icon"
        >
          🍔
        </p>
        <h4>
          Burgers
        </h4>
      </div>
      <div
        class="icon-container"
      >
        <p
          class="icon"
        >
          🍟
        </p>
        <h4>
          Fast Food
        </h4>
      </div>
      <div
        class="icon-container"
      >
        <p
          class="icon"
        >
          🥗
        </p>
        <h4>
          Healthy
        </h4>
      </div>
      <div
        class="icon-container"
      >
        <p
          class="icon"
        >
          🍣
        </p>
        <h4>
          Sushi
        </h4>
      </div>
      <div
        class="icon-container"
      >
        <p
          class="icon"
        >
          🐟
        </p>
        <h4>
          Seafood
        </h4>
      </div>
    </div>
  </div>
  <div>
    <div
      class="restaurant-list"
    />
  </div>
</div>
`;

exports[`Home component should display "Restaurants" in the header 1`] = `
<div
  class="home-container"
>
  <div>
    <h3
      class="categories-title"
    >
      Restaurants
    </h3>
    <div
      class="categories-container"
    >
      <div
        class="icon-container"
      >
        <p
          class="icon"
        >
          🍽
        </p>
        <h4>
          All
        </h4>
      </div>
      <div
        class="icon-container"
      >
        <p
          class="icon"
        >
          🍕
        </p>
        <h4>
          Pizza
        </h4>
      </div>
      <div
        class="icon-container"
      >
        <p
          class="icon"
        >
          🍝
        </p>
        <h4>
          Pasta
        </h4>
      </div>
      <div
        class="icon-container"
      >
        <p
          class="icon"
        >
          🍔
        </p>
        <h4>
          Burgers
        </h4>
      </div>
      <div
        class="icon-container"
      >
        <p
          class="icon"
        >
          🍟
        </p>
        <h4>
          Fast Food
        </h4>
      </div>
      <div
        class="icon-container"
      >
        <p
          class="icon"
        >
          🥗
        </p>
        <h4>
          Healthy
        </h4>
      </div>
      <div
        class="icon-container"
      >
        <p
          class="icon"
        >
          🍣
        </p>
        <h4>
          Sushi
        </h4>
      </div>
      <div
        class="icon-container"
      >
        <p
          class="icon"
        >
          🐟
        </p>
        <h4>
          Seafood
        </h4>
      </div>
    </div>
  </div>
  <div>
    <div
      class="restaurant-list"
    />
  </div>
</div>
`;

exports[`Home component should match the snapshot 1`] = `
<div
  class="home-container"
>
  <div>
    <h3
      class="categories-title"
    >
      Restaurants
    </h3>
    <div
      class="categories-container"
    >
      <div
        class="icon-container"
      >
        <p
          class="icon"
        >
          🍽
        </p>
        <h4>
          All
        </h4>
      </div>
      <div
        class="icon-container"
      >
        <p
          class="icon"
        >
          🍕
        </p>
        <h4>
          Pizza
        </h4>
      </div>
      <div
        class="icon-container"
      >
        <p
          class="icon"
        >
          🍝
        </p>
        <h4>
          Pasta
        </h4>
      </div>
      <div
        class="icon-container"
      >
        <p
          class="icon"
        >
          🍔
        </p>
        <h4>
          Burgers
        </h4>
      </div>
      <div
        class="icon-container"
      >
        <p
          class="icon"
        >
          🍟
        </p>
        <h4>
          Fast Food
        </h4>
      </div>
      <div
        class="icon-container"
      >
        <p
          class="icon"
        >
          🥗
        </p>
        <h4>
          Healthy
        </h4>
      </div>
      <div
        class="icon-container"
      >
        <p
          class="icon"
        >
          🍣
        </p>
        <h4>
          Sushi
        </h4>
      </div>
      <div
        class="icon-container"
      >
        <p
          class="icon"
        >
          🐟
        </p>
        <h4>
          Seafood
        </h4>
      </div>
    </div>
  </div>
  <div>
    <div
      class="restaurant-list"
    />
  </div>
</div>
`;
